// Jest Snapshot v1, https://goo.gl/fbAQLP

exports[`codegen element 1`] = `
"const { _createElementVnode:__createElementVnode } = Vue
return function render(_ctx, _cache) {return _createElementVnode(\\"div\\"), null ')}"
`;

exports[`codegen interpolation 1`] = `
"const { _toDisplayString:__toDisplayString } = Vue
return function render(_ctx, _cache) {return _toDisplayString(_ctx.message)}"
`;

exports[`codegen string 1`] = `
"
return function render(_ctx, _cache) {return 'hi'}"
`;
